// Jest Snapshot v1, https://goo.gl/fbAQLP

exports[`X 1`] = `1`;

exports[`snapshots 1`] = `1`;
